RAM Allocation [bytes]
Variable                                                                          Address   Size
------------------------------------------------------------------------------------------------
cel                                                                               0x0260       4
F                                                                                 0x0264       4
vol                                                                               0x0268       4
c                                                                                 0x026C      20
_base_y                                                                           0x0280       4
_seed                                                                             0x0284       4

EEPROM Allocation [bytes]
Variable                                                                          Address   Size
------------------------------------------------------------------------------------------------

Register Allocation
Variable                                                                          Register  Size
------------------------------------------------------------------------------------------------
z                                                                                 R4,R5        2
_lcd_x                                                                            R7           1
_lcd_y                                                                            R6           1
_lcd_maxx                                                                         R9           1

FLASH Allocation [words]
Function                                                                          Address   Size
------------------------------------------------------------------------------------------------
measure                                                                           0x00078    102
main                                                                              0x000DE     60
_lcd_write_nibble_G100                                                            0x0011A     37
_lcd_write_data                                                                   0x0013F     12
lcd_gotoxy                                                                        0x0014B     13
lcd_clear                                                                         0x00158     12
lcd_putchar                                                                       0x00164     21
lcd_puts                                                                          0x00179     17
lcd_init                                                                          0x0018A     47
put_buff_G101                                                                     0x001B9     58
_ftoe_G101                                                                        0x001F3    210
_print_G101                                                                       0x002C5    538
sprintf                                                                           0x004DF     52
strcpyf                                                                           0x00513     13
strlen                                                                            0x00520     12
strlenf                                                                           0x0052C     13
ftrunc                                                                            0x00539     49
floor                                                                             0x0056A     23
ftoa                                                                              0x00581    155
